src/main.rs:13:9[pid 670245] read(14,  <unfinished ...>
[pid 670243] <... write resumed>)       = 16
[pid 670247] ioctl(0, TIOCGWINSZ <unfinished ...>
[pid 670243] write(2, "\n", 1 <unfinished ...>

[pid 670245] <... read resumed>0x7f87900099fa, 790) = -1 EAGAIN (Resource temporarily unavailable)
[pid 670243] <... write resumed>)       = 1
[pid 670247] <... ioctl resumed>, 0x7f9271fe67b0) = -1 ENOTTY (Inappropriate ioctl for device)
[pid 670243] write(2, "   ", 3 <unfinished ...>
   [pid 670245] futex(0x55a5ab0c5370, FUTEX_WAKE_PRIVATE, 1 <unfinished ...>
[pid 670243] <... write resumed>)       = 3
[pid 670247] ioctl(2, TIOCGWINSZ <unfinished ...>
[pid 670243] write(2, "|", 1 <unfinished ...>
|[pid 670245] <... futex resumed>)       = 0
[pid 670243] <... write resumed>)       = 1
[pid 670247] <... ioctl resumed>, 0x7f9271fe67b0) = -1 ENOTTY (Inappropriate ioctl for device)
[pid 670243] write(2, "\n", 1 <unfinished ...>

[pid 670245] write(11, "{\"message\":\"unused variable: `gu"..., 1652 <unfinished ...>
[pid 670243] <... write resumed>)       = 1
[pid 670247] write(2, "{\"message\":\"unused variable: `gu"..., 1653 <unfinished ...>
[pid 670243] write(2, "13", 2 <unfinished ...>
13[pid 670245] <... write resumed>)       = 1652
[pid 670243] <... write resumed>)       = 2
[pid 670247] <... write resumed>)       = 1653
[pid 670243] write(2, " ", 1 <unfinished ...>
 [pid 670245] write(11, "\n", 1 <unfinished ...>
[pid 670243] <... write resumed>)       = 1
[pid 670247] ioctl(1, TIOCGWINSZ <unfinished ...>
[pid 670243] write(2, "|", 1 <unfinished ...>
|[pid 670245] <... write resumed>)       = 1
[pid 670243] <... write resumed>)       = 1
[pid 670247] <... ioctl resumed>, 0x7f9271fe67b0) = -1 ENOTTY (Inappropriate ioctl for device)
[pid 670243] write(2, " ", 1 <unfinished ...>
 [pid 670245] futex(0x55a5ab0c5370, FUTEX_WAKE_PRIVATE, 1 <unfinished ...>
[pid 670243] <... write resumed>)       = 1
[pid 670247] ioctl(0, TIOCGWINSZ <unfinished ...>
[pid 670243] write(2, "    let guard1 = mutex.lock();", 30 <unfinished ...>
    let guard1 = mutex.lock();[pid 670245] <... futex resumed>)       = 0
[pid 670243] <... write resumed>)       = 30
[pid 670247] <... ioctl resumed>, 0x7f9271fe67b0) = -1 ENOTTY (Inappropriate ioctl for device)
[pid 670243] write(2, "\n", 1 <unfinished ...>

[pid 670245] write(11, "{\"message\":\"unused variable: `gu"..., 1652 <unfinished ...>
[pid 670243] <... write resumed>)       = 1
[pid 670247] ioctl(2, TIOCGWINSZ <unfinished ...>
[pid 670243] write(2, "   ", 3 <unfinished ...>
   [pid 670245] <... write resumed>)       = 1652
[pid 670243] <... write resumed>)       = 3
[pid 670247] <... ioctl resumed>, 0x7f9271fe67b0) = -1 ENOTTY (Inappropriate ioctl for device)
[pid 670243] write(2, "| ", 2 <unfinished ...>
| [pid 670245] write(11, "\n", 1 <unfinished ...>
[pid 670243] <... write resumed>)       = 2
[pid 670247] write(2, "{\"message\":\"unused variable: `gu"..., 1674 <unfinished ...>
[pid 670243] write(2, "        ", 8 <unfinished ...>
        [pid 670245] <... write resumed>)       = 1
[pid 670243] <... write resumed>)       = 8
[pid 670247] <... write resumed>)       = 1674
[pid 670243] write(2, "^^^^^^", 6 <unfinished ...>
^^^^^^[pid 670245] poll([{fd=12, events=POLLIN}, {fd=14, events=POLLIN}], 2, -1 <unfinished ...>
[pid 670243] <... write resumed>)       = 6
[pid 670247] ioctl(1, TIOCGWINSZ <unfinished ...>
[pid 670245] <... poll resumed>)        = 1 ([{fd=14, revents=POLLIN}])
[pid 670243] write(2, " ", 1 <unfinished ...>
 [pid 670247] <... ioctl resumed>, 0x7f9271fe67b0) = -1 ENOTTY (Inappropriate ioctl for device)
[pid 670243] <... write resumed>)       = 1
[pid 670245] read(14,  <unfinished ...>
[pid 670243] write(2, "help: if this is intentional, pr"..., 69 <unfinished ...>
help: if this is intentional, prefix it with an underscore: `_guard1`[pid 670247] ioctl(0, TIOCGWINSZ <unfinished ...>
[pid 670243] <... write resumed>)       = 69
[pid 670245] <... read resumed>"{\"message\":\"unused variable: `gu"..., 4096) = 3327
[pid 670243] write(2, "\n", 1 <unfinished ...>

[pid 670247] <... ioctl resumed>, 0x7f9271fe67b0) = -1 ENOTTY (Inappropriate ioctl for device)
[pid 670243] <... write resumed>)       = 1
[pid 670245] read(14,  <unfinished ...>
[pid 670243] write(2, "\n", 1 <unfinished ...>

[pid 670247] ioctl(2, TIOCGWINSZ <unfinished ...>
[pid 670243] <... write resumed>)       = 1
[pid 670245] <... read resumed>0x7f8790009a0f, 769) = -1 EAGAIN (Resource temporarily unavailable)
[pid 670243] write(2, "warning", 7 <unfinished ...>
warning[pid 670247] <... ioctl resumed>, 0x7f9271fe67b0) = -1 ENOTTY (Inappropriate ioctl for device)
[pid 670243] <... write resumed>)       = 7
[pid 670245] futex(0x55a5ab0c5370, FUTEX_WAKE_PRIVATE, 1 <unfinished ...>
[pid 670243] write(2, ": unused variable: `guard2`", 27: unused variable: `guard2` <unfinished ...>
[pid 670247] write(2, "{\"message\":\"unused variable: `gu"..., 1653 <unfinished ...>
[pid 670245] <... futex resumed>)       = 0
[pid 670243] <... write resumed>)       = 27
[pid 670247] <... write resumed>)       = 1653
[pid 670243] write(2, "\n", 1 <unfinished ...>

[pid 670245] write(11, "{\"message\":\"unused variable: `gu"..., 1652 <unfinished ...>
[pid 670243] <... write resumed>)       = 1
[pid 670247] ioctl(1, TIOCGWINSZ <unfinished ...>
[pid 670243] write(2, "  ", 2 <unfinished ...>
  [pid 670245] <... write resumed>)       = 1652
[pid 670243] <... write resumed>)       = 2
[pid 670247] <... ioctl resumed>, 0x7f9271fe67b0) = -1 ENOTTY (Inappropriate ioctl for device)
[pid 670243] write(2, "--> ", 4 <unfinished ...>
--> [pid 670245] write(11, "\n", 1 <unfinished ...>
[pid 670243] <... write resumed>)       = 4
[pid 670247] ioctl(0, TIOCGWINSZ <unfinished ...>
[pid 670243] write(2, "src/main.rs:14:9", 16 <unfinished ...>
src/main.rs:14:9[pid 670245] <... write resumed>)       = 1
[pid 670243] <... write resumed>)       = 16
[pid 670247] <... ioctl resumed>, 0x7f9271fe67b0) = -1 ENOTTY (Inappropriate ioctl for device)
[pid 670243] write(2, "\n", 1
 <unfinished ...>
[pid 670247] ioctl(2, TIOCGWINSZ <unfinished ...>
[pid 670245] futex(0x55a5ab0c5370, FUTEX_WAKE_PRIVATE, 1 <unfinished ...>
[pid 670243] <... write resumed>)       = 1
[pid 670247] <... ioctl resumed>, 0x7f9271fe67b0) = -1 ENOTTY (Inappropriate ioctl for device)
[pid 670243] write(2, "   ", 3 <unfinished ...>
   [pid 670245] <... futex resumed>)       = 0
[pid 670243] <... write resumed>)       = 3
[pid 670247] write(2, "{\"message\":\"unused variable: `gu"..., 1678 <unfinished ...>
[pid 670243] write(2, "|", 1 <unfinished ...>
|[pid 670245] write(11, "{\"message\":\"unused variable: `gu"..., 1673 <unfinished ...>
[pid 670243] <... write resumed>)       = 1
[pid 670247] <... write resumed>)       = 1678
[pid 670243] write(2, "\n", 1 <unfinished ...>

[pid 670245] <... write resumed>)       = 1673
[pid 670243] <... write resumed>)       = 1
[pid 670247] write(10, "\226\20\301NT\222*\203\307\236\340\363\353\t\272\265/\7q$x\274\341>\233\351\372\264\355\205(\240"..., 8190 <unfinished ...>
[pid 670243] write(2, "14", 2 <unfinished ...>
14[pid 670245] write(11, "\n", 1 <unfinished ...>
[pid 670243] <... write resumed>)       = 2
[pid 670247] <... write resumed>)       = 8190
[pid 670243] write(2, " ", 1 <unfinished ...>
 [pid 670245] <... write resumed>)       = 1
[pid 670243] <... write resumed>)       = 1
[pid 670247] ioctl(1, TIOCGWINSZ <unfinished ...>
[pid 670243] write(2, "|", 1 <unfinished ...>
|[pid 670245] poll([{fd=12, events=POLLIN}, {fd=14, events=POLLIN}], 2, -1 <unfinished ...>
[pid 670243] <... write resumed>)       = 1
[pid 670247] <... ioctl resumed>, 0x7f9271fe67b0) = -1 ENOTTY (Inappropriate ioctl for device)
[pid 670243] write(2, " ", 1 <unfinished ...>
 [pid 670245] <... poll resumed>)        = 1 ([{fd=14, revents=POLLIN}])
[pid 670243] <... write resumed>)       = 1
[pid 670247] ioctl(0, TIOCGWINSZ <unfinished ...>
[pid 670243] write(2, "    let guard2 = mutex.lock();", 30 <unfinished ...>
    let guard2 = mutex.lock();[pid 670245] read(14,  <unfinished ...>
[pid 670243] <... write resumed>)       = 30
[pid 670247] <... ioctl resumed>, 0x7f9271fe67b0) = -1 ENOTTY (Inappropriate ioctl for device)
[pid 670243] write(2, "\n", 1 <unfinished ...>

[pid 670245] <... read resumed>"{\"message\":\"unused variable: `gu"..., 4096) = 3331
[pid 670243] <... write resumed>)       = 1
[pid 670247] ioctl(2, TIOCGWINSZ <unfinished ...>
[pid 670243] write(2, "   ", 3 <unfinished ...>
   [pid 670245] read(14,  <unfinished ...>
[pid 670243] <... write resumed>)       = 3
[pid 670247] <... ioctl resumed>, 0x7f9271fe67b0) = -1 ENOTTY (Inappropriate ioctl for device)
[pid 670243] write(2, "| ", 2 <unfinished ...>
| [pid 670245] <... read resumed>0x7f8790009a13, 765) = -1 EAGAIN (Resource temporarily unavailable)
[pid 670243] <... write resumed>)       = 2
[pid 670247] write(2, "{\"message\":\"unused variable: `gu"..., 1681 <unfinished ...>
[pid 670243] write(2, "        ", 8 <unfinished ...>
        [pid 670245] futex(0x55a5ab0c5370, FUTEX_WAKE_PRIVATE, 1 <unfinished ...>
[pid 670243] <... write resumed>)       = 8
[pid 670247] <... write resumed>)       = 1681
[pid 670243] write(2, "^^^^^^", 6 <unfinished ...>
^^^^^^[pid 670245] <... futex resumed>)       = 0
[pid 670243] <... write resumed>)       = 6
[pid 670247] ioctl(1, TIOCGWINSZ <unfinished ...>
[pid 670243] write(2, " ", 1 <unfinished ...>
 [pid 670245] write(11, "{\"message\":\"unused variable: `gu"..., 1652 <unfinished ...>
[pid 670243] <... write resumed>)       = 1
[pid 670247] <... ioctl resumed>, 0x7f9271fe67b0) = -1 ENOTTY (Inappropriate ioctl for device)
[pid 670243] write(2, "help: if this is intentional, pr"..., 69 <unfinished ...>
help: if this is intentional, prefix it with an underscore: `_guard2`[pid 670245] <... write resumed>)       = 1652
[pid 670243] <... write resumed>)       = 69
[pid 670247] ioctl(0, TIOCGWINSZ <unfinished ...>
[pid 670243] write(2, "\n", 1 <unfinished ...>

[pid 670245] write(11, "\n", 1 <unfinished ...>
[pid 670243] <... write resumed>)       = 1
[pid 670247] <... ioctl resumed>, 0x7f9271fe67b0) = -1 ENOTTY (Inappropriate ioctl for device)
[pid 670243] write(2, "\n", 1 <unfinished ...>

[pid 670245] <... write resumed>)       = 1
[pid 670243] <... write resumed>)       = 1
[pid 670247] ioctl(2, TIOCGWINSZ <unfinished ...>
[pid 670243] write(2, "warning", 7 <unfinished ...>
warning[pid 670245] futex(0x55a5ab0c5370, FUTEX_WAKE_PRIVATE, 1 <unfinished ...>
[pid 670243] <... write resumed>)       = 7
[pid 670247] <... ioctl resumed>, 0x7f9271fe67b0) = -1 ENOTTY (Inappropriate ioctl for device)
[pid 670243] write(2, ": unused variable: `guard2`", 27 <unfinished ...>
: unused variable: `guard2`[pid 670245] <... futex resumed>)       = 0
[pid 670243] <... write resumed>)       = 27
[pid 670247] write(2, "{\"message\":\"unused variable: `gu"..., 1681 <unfinished ...>
[pid 670243] write(2, "\n", 1 <unfinished ...>

[pid 670245] write(11, "{\"message\":\"unused variable: `gu"..., 1677 <unfinished ...>
[pid 670243] <... write resumed>)       = 1
[pid 670247] <... write resumed>)       = 1681
[pid 670243] write(2, "  ", 2 <unfinished ...>
  [pid 670245] <... write resumed>)       = 1677
[pid 670243] <... write resumed>)       = 2
[pid 670247] ioctl(1, TIOCGWINSZ <unfinished ...>
[pid 670243] write(2, "--> ", 4 <unfinished ...>
--> [pid 670245] write(11, "\n", 1 <unfinished ...>
[pid 670243] <... write resumed>)       = 4
[pid 670247] <... ioctl resumed>, 0x7f9271fe67b0) = -1 ENOTTY (Inappropriate ioctl for device)
[pid 670243] write(2, "src/main.rs:22:9", 16 <unfinished ...>
src/main.rs:22:9[pid 670245] <... write resumed>)       = 1
[pid 670243] <... write resumed>)       = 16
[pid 670247] ioctl(0, TIOCGWINSZ <unfinished ...>
[pid 670243] write(2, "\n", 1 <unfinished ...>

[pid 670245] poll([{fd=12, events=POLLIN}, {fd=14, events=POLLIN}], 2, -1 <unfinished ...>
[pid 670243] <... write resumed>)       = 1
[pid 670247] <... ioctl resumed>, 0x7f9271fe67b0) = -1 ENOTTY (Inappropriate ioctl for device)
[pid 670243] write(2, "   ", 3 <unfinished ...>
   [pid 670245] <... poll resumed>)        = 1 ([{fd=14, revents=POLLIN}])
[pid 670243] <... write resumed>)       = 3
[pid 670247] ioctl(2, TIOCGWINSZ <unfinished ...>
[pid 670243] write(2, "|", 1 <unfinished ...>
|[pid 670245] read(14,  <unfinished ...>
[pid 670243] <... write resumed>)       = 1
[pid 670247] <... ioctl resumed>, 0x7f9271fe67b0) = -1 ENOTTY (Inappropriate ioctl for device)
[pid 670243] write(2, "\n", 1 <unfinished ...>

[pid 670245] <... read resumed>"{\"message\":\"unused variable: `gu"..., 4096) = 3362
[pid 670243] <... write resumed>)       = 1
[pid 670247] write(2, "{\"message\":\"unused variable: `gu"..., 1681 <unfinished ...>
[pid 670243] write(2, "22", 2 <unfinished ...>
22[pid 670245] read(14,  <unfinished ...>
[pid 670243] <... write resumed>)       = 2
[pid 670247] <... write resumed>)       = 1681
[pid 670243] write(2, " ", 1 <unfinished ...>
 [pid 670245] <... read resumed>"{\"message\":\"unused variable: `gu"..., 734) = 734
[pid 670243] <... write resumed>)       = 1
[pid 670247] ioctl(1, TIOCGWINSZ <unfinished ...>
[pid 670243] write(2, "|", 1 <unfinished ...>
|[pid 670245] read(14,  <unfinished ...>
[pid 670243] <... write resumed>)       = 1
[pid 670247] <... ioctl resumed>, 0x7f9271fe67b0) = -1 ENOTTY (Inappropriate ioctl for device)
[pid 670243] write(2, " ", 1 <unfinished ...>
 [pid 670245] <... read resumed>"let guard1 = mutex1.lock();\",\"hi", 32) = 32
[pid 670243] <... write resumed>)       = 1
[pid 670247] ioctl(0, TIOCGWINSZ <unfinished ...>
[pid 670243] write(2, "    let guard2 = mutex.lock();", 30 <unfinished ...>
    let guard2 = mutex.lock();[pid 670245] read(14,  <unfinished ...>
[pid 670243] <... write resumed>)       = 30
[pid 670247] <... ioctl resumed>, 0x7f9271fe67b0) = -1 ENOTTY (Inappropriate ioctl for device)
[pid 670243] write(2, "\n", 1 <unfinished ...>

[pid 670245] <... read resumed>"ghlight_start\":13,\"highlight_end"..., 4064) = 915
[pid 670243] <... write resumed>)       = 1
[pid 670247] ioctl(2, TIOCGWINSZ <unfinished ...>
[pid 670243] write(2, "   ", 3 <unfinished ...>
   [pid 670245] read(14,  <unfinished ...>
[pid 670243] <... write resumed>)       = 3
[pid 670247] <... ioctl resumed>, 0x7f9271fe67b0) = -1 ENOTTY (Inappropriate ioctl for device)
[pid 670243] write(2, "| ", 2 <unfinished ...>
| [pid 670245] <... read resumed>0x7f879000b293, 3149) = -1 EAGAIN (Resource temporarily unavailable)
[pid 670243] <... write resumed>)       = 2
[pid 670247] write(2, "{\"message\":\"unused variable: `gu"..., 1681 <unfinished ...>
[pid 670243] write(2, "        ", 8 <unfinished ...>
        [pid 670247] <... write resumed>)       = 1681
[pid 670243] <... write resumed>)       = 8
[pid 670245] futex(0x55a5ab0c5370, FUTEX_WAKE_PRIVATE, 1 <unfinished ...>
[pid 670243] write(2, "^^^^^^", 6^^^^^^ <unfinished ...>
[pid 670247] ioctl(1, TIOCGWINSZ <unfinished ...>
[pid 670245] <... futex resumed>)       = 0
[pid 670243] <... write resumed>)       = 6
[pid 670247] <... ioctl resumed>, 0x7f9271fe67b0) = -1 ENOTTY (Inappropriate ioctl for device)
[pid 670243] write(2, " ", 1 <unfinished ...>
 [pid 670245] write(11, "{\"message\":\"unused variable: `gu"..., 1680 <unfinished ...>
[pid 670243] <... write resumed>)       = 1
[pid 670247] ioctl(0, TIOCGWINSZ <unfinished ...>
[pid 670243] write(2, "help: if this is intentional, pr"..., 69 <unfinished ...>
help: if this is intentional, prefix it with an underscore: `_guard2`[pid 670245] <... write resumed>)       = 1680
[pid 670243] <... write resumed>)       = 69
[pid 670247] <... ioctl resumed>, 0x7f9271fe67b0) = -1 ENOTTY (Inappropriate ioctl for device)
[pid 670243] write(2, "\n", 1 <unfinished ...>

[pid 670245] write(11, "\n", 1 <unfinished ...>
[pid 670243] <... write resumed>)       = 1
[pid 670247] ioctl(2, TIOCGWINSZ <unfinished ...>
[pid 670243] write(2, "\n", 1 <unfinished ...>

[pid 670245] <... write resumed>)       = 1
[pid 670243] <... write resumed>)       = 1
[pid 670247] <... ioctl resumed>, 0x7f9271fe67b0) = -1 ENOTTY (Inappropriate ioctl for device)
[pid 670243] futex(0x55a5ab0c5374, FUTEX_WAKE_PRIVATE, 2147483647 <unfinished ...>
[pid 670247] write(2, "{\"message\":\"unused variable: `gu"..., 1681 <unfinished ...>
[pid 670245] futex(0x55a5ab0c5340, FUTEX_WAIT_BITSET_PRIVATE, 2, NULL, FUTEX_BITSET_MATCH_ANY <unfinished ...>
[pid 670243] <... futex resumed>)       = 0
[pid 670247] <... write resumed>)       = 1681
[pid 670243] futex(0x55a5ab0c5340, FUTEX_WAKE_PRIVATE, 1 <unfinished ...>
[pid 670247] ioctl(1, TIOCGWINSZ <unfinished ...>
[pid 670243] <... futex resumed>)       = 1
[pid 670245] <... futex resumed>)       = 0
[pid 670243] write(2, "warning", 7 <unfinished ...>
warning[pid 670247] <... ioctl resumed>, 0x7f9271fe67b0) = -1 ENOTTY (Inappropriate ioctl for device)
[pid 670243] <... write resumed>)       = 7
[pid 670245] futex(0x55a5ab0c5370, FUTEX_WAKE_PRIVATE, 1 <unfinished ...>
[pid 670243] write(2, ": unused variable: `guard1`", 27 <unfinished ...>
: unused variable: `guard1`[pid 670247] ioctl(0, TIOCGWINSZ <unfinished ...>
[pid 670243] <... write resumed>)       = 27
[pid 670245] <... futex resumed>)       = 0
[pid 670243] write(2, "\n", 1 <unfinished ...>

[pid 670247] <... ioctl resumed>, 0x7f9271fe67b0) = -1 ENOTTY (Inappropriate ioctl for device)
[pid 670243] <... write resumed>)       = 1
[pid 670245] futex(0x55a5ab0c5340, FUTEX_WAKE_PRIVATE, 1 <unfinished ...>
[pid 670243] write(2, "  ", 2 <unfinished ...>
  [pid 670247] ioctl(2, TIOCGWINSZ <unfinished ...>
[pid 670243] <... write resumed>)       = 2
[pid 670245] <... futex resumed>)       = 0
[pid 670243] write(2, "--> ", 4 <unfinished ...>
--> [pid 670247] <... ioctl resumed>, 0x7f9271fe67b0) = -1 ENOTTY (Inappropriate ioctl for device)
[pid 670243] <... write resumed>)       = 4
[pid 670245] write(11, "{\"message\":\"unused variable: `gu"..., 1680 <unfinished ...>
[pid 670243] write(2, "src/main.rs:28:9", 16 <unfinished ...>
src/main.rs:28:9[pid 670247] write(2, "{\"message\":\"unused variable: `gu"..., 1681 <unfinished ...>
[pid 670243] <... write resumed>)       = 16
[pid 670245] <... write resumed>)       = 1680
[pid 670243] write(2, "\n", 1 <unfinished ...>

[pid 670247] <... write resumed>)       = 1681
[pid 670243] <... write resumed>)       = 1
[pid 670245] write(11, "\n", 1 <unfinished ...>
[pid 670243] write(2, "   ", 3 <unfinished ...>
   [pid 670247] ioctl(1, TIOCGWINSZ <unfinished ...>
[pid 670243] <... write resumed>)       = 3
[pid 670245] <... write resumed>)       = 1
[pid 670243] write(2, "|", 1 <unfinished ...>
|[pid 670247] <... ioctl resumed>, 0x7f9271fe67b0) = -1 ENOTTY (Inappropriate ioctl for device)
[pid 670243] <... write resumed>)       = 1
[pid 670245] futex(0x55a5ab0c5370, FUTEX_WAKE_PRIVATE, 1 <unfinished ...>
[pid 670243] write(2, "\n", 1 <unfinished ...>

[pid 670247] ioctl(0, TIOCGWINSZ <unfinished ...>
[pid 670243] <... write resumed>)       = 1
[pid 670245] <... futex resumed>)       = 0
[pid 670243] write(2, "28", 2 <unfinished ...>
28[pid 670247] <... ioctl resumed>, 0x7f9271fe67b0) = -1 ENOTTY (Inappropriate ioctl for device)
[pid 670243] <... write resumed>)       = 2
[pid 670245] write(11, "{\"message\":\"unused variable: `gu"..., 1680 <unfinished ...>
[pid 670243] write(2, " ", 1 <unfinished ...>
 [pid 670247] ioctl(2, TIOCGWINSZ <unfinished ...>
[pid 670243] <... write resumed>)       = 1
[pid 670245] <... write resumed>)       = 1680
[pid 670243] write(2, "|", 1 <unfinished ...>
|[pid 670247] <... ioctl resumed>, 0x7f9271fe67b0) = -1 ENOTTY (Inappropriate ioctl for device)
[pid 670243] <... write resumed>)       = 1
[pid 670245] write(11, "\n", 1 <unfinished ...>
[pid 670243] write(2, " ", 1 <unfinished ...>
 [pid 670247] write(2, "{\"message\":\"unused variable: `gu"..., 1681 <unfinished ...>
[pid 670243] <... write resumed>)       = 1
[pid 670245] <... write resumed>)       = 1
[pid 670243] write(2, "    let guard1 = mutex.lock();", 30 <unfinished ...>
    let guard1 = mutex.lock();[pid 670247] <... write resumed>)       = 1681
[pid 670243] <... write resumed>)       = 30
[pid 670245] poll([{fd=12, events=POLLIN}, {fd=14, events=POLLIN}], 2, -1 <unfinished ...>
[pid 670243] write(2, "\n", 1 <unfinished ...>

[pid 670247] ioctl(1, TIOCGWINSZ <unfinished ...>
[pid 670243] <... write resumed>)       = 1
[pid 670245] <... poll resumed>)        = 1 ([{fd=14, revents=POLLIN}])
[pid 670243] write(2, "   ", 3 <unfinished ...>
   [pid 670247] <... ioctl resumed>, 0x7f9271fe67b0) = -1 ENOTTY (Inappropriate ioctl for device)
[pid 670243] <... write resumed>)       = 3
[pid 670245] read(14,  <unfinished ...>
[pid 670243] write(2, "| ", 2 <unfinished ...>
| [pid 670247] ioctl(0, TIOCGWINSZ <unfinished ...>
[pid 670243] <... write resumed>)       = 2
[pid 670245] <... read resumed>"{\"message\":\"unused variable: `gu"..., 8192) = 6724
[pid 670243] write(2, "        ", 8 <unfinished ...>
        [pid 670247] <... ioctl resumed>, 0x7f9271fe67b0) = -1 ENOTTY (Inappropriate ioctl for device)
[pid 670243] <... write resumed>)       = 8
[pid 670245] read(14,  <unfinished ...>
[pid 670243] write(2, "^^^^^^", 6 <unfinished ...>
^^^^^^[pid 670247] ioctl(2, TIOCGWINSZ <unfinished ...>
[pid 670243] <... write resumed>)       = 6
[pid 670245] <... read resumed>0x7f879000b924, 1468) = -1 EAGAIN (Resource temporarily unavailable)
[pid 670243] write(2, " ", 1 <unfinished ...>
 [pid 670247] <... ioctl resumed>, 0x7f9271fe67b0) = -1 ENOTTY (Inappropriate ioctl for device)
[pid 670243] <... write resumed>)       = 1
[pid 670245] futex(0x55a5ab0c5370, FUTEX_WAKE_PRIVATE, 1 <unfinished ...>
[pid 670243] write(2, "help: if this is intentional, pr"..., 69 <unfinished ...>
help: if this is intentional, prefix it with an underscore: `_guard1`[pid 670247] write(2, "{\"message\":\"unused variable: `gu"..., 1681 <unfinished ...>
[pid 670243] <... write resumed>)       = 69
[pid 670245] <... futex resumed>)       = 0
[pid 670243] write(2, "\n", 1 <unfinished ...>

[pid 670247] <... write resumed>)       = 1681
[pid 670243] <... write resumed>)       = 1
[pid 670245] write(11, "{\"message\":\"unused variable: `gu"..., 1680 <unfinished ...>
[pid 670243] write(2, "\n", 1
 <unfinished ...>
[pid 670247] ioctl(1, TIOCGWINSZ <unfinished ...>
[pid 670245] <... write resumed>)       = 1680
[pid 670243] <... write resumed>)       = 1
[pid 670247] <... ioctl resumed>, 0x7f9271fe67b0) = -1 ENOTTY (Inappropriate ioctl for device)
[pid 670243] write(2, "warning", 7 <unfinished ...>
warning[pid 670245] write(11, "\n", 1 <unfinished ...>
[pid 670243] <... write resumed>)       = 7
[pid 670247] ioctl(0, TIOCGWINSZ <unfinished ...>
[pid 670243] write(2, ": unused variable: `guard2`", 27 <unfinished ...>
: unused variable: `guard2`[pid 670245] <... write resumed>)       = 1
[pid 670243] <... write resumed>)       = 27
[pid 670247] <... ioctl resumed>, 0x7f9271fe67b0) = -1 ENOTTY (Inappropriate ioctl for device)
[pid 670243] write(2, "\n", 1
 <unfinished ...>
[pid 670247] ioctl(2, TIOCGWINSZ <unfinished ...>
[pid 670245] futex(0x55a5ab0c5370, FUTEX_WAKE_PRIVATE, 1 <unfinished ...>
[pid 670243] <... write resumed>)       = 1
[pid 670247] <... ioctl resumed>, 0x7f9271fe67b0) = -1 ENOTTY (Inappropriate ioctl for device)
[pid 670243] write(2, "  ", 2 <unfinished ...>
  [pid 670245] <... futex resumed>)       = 0
[pid 670243] <... write resumed>)       = 2
[pid 670247] write(2, "{\"message\":\"unused variable: `gu"..., 1621 <unfinished ...>
[pid 670243] write(2, "--> ", 4 <unfinished ...>
--> [pid 670245] write(11, "{\"message\":\"unused variable: `gu"..., 1680 <unfinished ...>
[pid 670243] <... write resumed>)       = 4
[pid 670247] <... write resumed>)       = 1621
[pid 670243] write(2, "src/main.rs:29:9", 16 <unfinished ...>
src/main.rs:29:9[pid 670245] <... write resumed>)       = 1680
[pid 670243] <... write resumed>)       = 16
[pid 670247] ioctl(1, TIOCGWINSZ <unfinished ...>
[pid 670243] write(2, "\n", 1 <unfinished ...>

[pid 670245] write(11, "\n", 1 <unfinished ...>
[pid 670243] <... write resumed>)       = 1
[pid 670247] <... ioctl resumed>, 0x7f9271fe67b0) = -1 ENOTTY (Inappropriate ioctl for device)
[pid 670243] write(2, "   ", 3 <unfinished ...>
   [pid 670245] <... write resumed>)       = 1
[pid 670243] <... write resumed>)       = 3
[pid 670247] ioctl(0, TIOCGWINSZ <unfinished ...>
[pid 670243] write(2, "|", 1 <unfinished ...>
|[pid 670247] <... ioctl resumed>, 0x7f9271fe67b0) = -1 ENOTTY (Inappropriate ioctl for device)
[pid 670245] futex(0x55a5ab0c5370, FUTEX_WAKE_PRIVATE, 1 <unfinished ...>
[pid 670243] <... write resumed>)       = 1
[pid 670247] ioctl(2, TIOCGWINSZ <unfinished ...>
[pid 670243] write(2, "\n", 1 <unfinished ...>

[pid 670245] <... futex resumed>)       = 0
[pid 670243] <... write resumed>)       = 1
[pid 670247] <... ioctl resumed>, 0x7f9271fe67b0) = -1 ENOTTY (Inappropriate ioctl for device)
[pid 670243] write(2, "29", 2 <unfinished ...>
29[pid 670245] write(11, "{\"message\":\"unused variable: `gu"..., 1680 <unfinished ...>
[pid 670243] <... write resumed>)       = 2
[pid 670247] write(2, "{\"message\":\"unused variable: `gu"..., 1657 <unfinished ...>
[pid 670243] write(2, " ", 1 <unfinished ...>
 [pid 670245] <... write resumed>)       = 1680
[pid 670243] <... write resumed>)       = 1
[pid 670247] <... write resumed>)       = 1657
[pid 670243] write(2, "|", 1 <unfinished ...>
|[pid 670245] write(11, "\n", 1 <unfinished ...>
[pid 670243] <... write resumed>)       = 1
[pid 670247] write(10, "\0\10\16\23\254\272\322\347\10\244\v7+\v\217\267\305v\311H\30\301\376#r\301]\247\24\262}\244"..., 8189 <unfinished ...>
[pid 670243] write(2, " ", 1 <unfinished ...>
 [pid 670245] <... write resumed>)       = 1
[pid 670243] <... write resumed>)       = 1
[pid 670247] <... write resumed>)       = 8189
[pid 670243] write(2, "    let guard2 = mutex.lock();", 30    let guard2 = mutex.lock(); <unfinished ...>
[pid 670245] futex(0x55a5ab0c5370, FUTEX_WAKE_PRIVATE, 1 <unfinished ...>
[pid 670243] <... write resumed>)       = 30
[pid 670247] ioctl(1, TIOCGWINSZ <unfinished ...>
[pid 670243] write(2, "\n", 1 <unfinished ...>

[pid 670245] <... futex resumed>)       = 0
[pid 670243] <... write resumed>)       = 1
[pid 670247] <... ioctl resumed>, 0x7f9271fe67b0) = -1 ENOTTY (Inappropriate ioctl for device)
[pid 670243] write(2, "   ", 3 <unfinished ...>
   [pid 670245] write(11, "{\"message\":\"unused variable: `gu"..., 1680 <unfinished ...>
[pid 670243] <... write resumed>)       = 3
[pid 670247] ioctl(0, TIOCGWINSZ <unfinished ...>
[pid 670243] write(2, "| ", 2 <unfinished ...>
| [pid 670245] <... write resumed>)       = 1680
[pid 670243] <... write resumed>)       = 2
[pid 670247] <... ioctl resumed>, 0x7f9271fe67b0) = -1 ENOTTY (Inappropriate ioctl for device)
[pid 670243] write(2, "        ", 8 <unfinished ...>
        [pid 670245] write(11, "\n", 1 <unfinished ...>
[pid 670243] <... write resumed>)       = 8
[pid 670247] ioctl(2, TIOCGWINSZ <unfinished ...>
[pid 670243] write(2, "^^^^^^", 6 <unfinished ...>
^^^^^^[pid 670245] <... write resumed>)       = 1
[pid 670243] <... write resumed>)       = 6
[pid 670247] <... ioctl resumed>, 0x7f9271fe67b0) = -1 ENOTTY (Inappropriate ioctl for device)
[pid 670243] write(2, " ", 1 <unfinished ...>
 [pid 670245] poll([{fd=12, events=POLLIN}, {fd=14, events=POLLIN}], 2, -1 <unfinished ...>
[pid 670243] <... write resumed>)       = 1
[pid 670247] write(2, "{\"message\":\"unused variable: `gu"..., 1687 <unfinished ...>
[pid 670243] write(2, "help: if this is intentional, pr"..., 69 <unfinished ...>
help: if this is intentional, prefix it with an underscore: `_guard2`[pid 670245] <... poll resumed>)        = 1 ([{fd=14, revents=POLLIN}])
[pid 670243] <... write resumed>)       = 69
[pid 670247] <... write resumed>)       = 1687
[pid 670243] write(2, "\n", 1 <unfinished ...>

[pid 670245] read(14,  <unfinished ...>
[pid 670243] <... write resumed>)       = 1
[pid 670247] ioctl(1, TIOCGWINSZ <unfinished ...>
[pid 670243] write(2, "\n", 1 <unfinished ...>

[pid 670245] <... read resumed>"{\"message\":\"unused variable: `gu"..., 8192) = 6646
[pid 670243] <... write resumed>)       = 1
[pid 670247] <... ioctl resumed>, 0x7f9271fe67b0) = -1 ENOTTY (Inappropriate ioctl for device)
[pid 670243] write(2, "warning", 7 <unfinished ...>
warning[pid 670245] read(14,  <unfinished ...>
[pid 670243] <... write resumed>)       = 7
[pid 670247] ioctl(0, TIOCGWINSZ <unfinished ...>
[pid 670243] write(2, ": unused variable: `guard1`", 27 <unfinished ...>
: unused variable: `guard1`[pid 670245] <... read resumed>0x7f879000b8d6, 1546) = -1 EAGAIN (Resource temporarily unavailable)
[pid 670243] <... write resumed>)       = 27
[pid 670247] <... ioctl resumed>, 0x7f9271fe67b0) = -1 ENOTTY (Inappropriate ioctl for device)
[pid 670243] write(2, "\n", 1 <unfinished ...>

[pid 670247] ioctl(2, TIOCGWINSZ <unfinished ...>
[pid 670243] <... write resumed>)       = 1
[pid 670245] futex(0x55a5ab0c5370, FUTEX_WAKE_PRIVATE, 1 <unfinished ...>
[pid 670243] write(2, "  ", 2 <unfinished ...>
  [pid 670247] <... ioctl resumed>, 0x7f9271fe67b0) = -1 ENOTTY (Inappropriate ioctl for device)
[pid 670243] <... write resumed>)       = 2
[pid 670245] <... futex resumed>)       = 0
[pid 670243] write(2, "--> ", 4 <unfinished ...>
--> [pid 670247] write(2, "{\"message\":\"unused variable: `gu"..., 1666 <unfinished ...>
[pid 670243] <... write resumed>)       = 4
[pid 670245] write(11, "{\"message\":\"unused variable: `gu"..., 1680 <unfinished ...>
[pid 670243] write(2, "src/main.rs:35:9", 16 <unfinished ...>
src/main.rs:35:9[pid 670247] <... write resumed>)       = 1666
[pid 670243] <... write resumed>)       = 16
[pid 670245] <... write resumed>)       = 1680
[pid 670243] write(2, "\n", 1
 <unfinished ...>
[pid 670247] ioctl(1, TIOCGWINSZ <unfinished ...>
[pid 670245] write(11, "\n", 1 <unfinished ...>
[pid 670243] <... write resumed>)       = 1
[pid 670247] <... ioctl resumed>, 0x7f9271fe67b0) = -1 ENOTTY (Inappropriate ioctl for device)
[pid 670243] write(2, "   ", 3 <unfinished ...>
   [pid 670245] <... write resumed>)       = 1
[pid 670243] <... write resumed>)       = 3
[pid 670247] ioctl(0, TIOCGWINSZ <unfinished ...>
[pid 670243] write(2, "|", 1 <unfinished ...>
|[pid 670245] futex(0x55a5ab0c5370, FUTEX_WAKE_PRIVATE, 1 <unfinished ...>
[pid 670243] <... write resumed>)       = 1
[pid 670247] <... ioctl resumed>, 0x7f9271fe67b0) = -1 ENOTTY (Inappropriate ioctl for device)
[pid 670243] write(2, "\n", 1 <unfinished ...>

[pid 670245] <... futex resumed>)       = 0
[pid 670243] <... write resumed>)       = 1
[pid 670247] ioctl(2, TIOCGWINSZ <unfinished ...>
[pid 670243] write(2, "35", 2 <unfinished ...>
35[pid 670245] write(11, "{\"message\":\"unused variable: `gu"..., 1620 <unfinished ...>
[pid 670243] <... write resumed>)       = 2
[pid 670247] <... ioctl resumed>, 0x7f9271fe67b0) = -1 ENOTTY (Inappropriate ioctl for device)
[pid 670243] write(2, " ", 1 <unfinished ...>
 [pid 670245] <... write resumed>)       = 1620
[pid 670243] <... write resumed>)       = 1
[pid 670247] write(2, "{\"message\":\"unused variable: `gu"..., 1679 <unfinished ...>
[pid 670245] write(11, "\n", 1 <unfinished ...>
[pid 670243] write(2, "|", 1 <unfinished ...>
|[pid 670247] <... write resumed>)       = 1679
[pid 670243] <... write resumed>)       = 1
[pid 670245] <... write resumed>)       = 1
[pid 670243] write(2, " ", 1 )           = 1
[pid 670245] futex(0x55a5ab0c5370, FUTEX_WAKE_PRIVATE, 1 <unfinished ...>
[pid 670247] ioctl(1, TIOCGWINSZ <unfinished ...>
[pid 670243] write(2, "    let guard1 = mutex.lock();", 30 <unfinished ...>
    let guard1 = mutex.lock();[pid 670245] <... futex resumed>)       = 0
[pid 670243] <... write resumed>)       = 30
[pid 670247] <... ioctl resumed>, 0x7f9271fe67b0) = -1 ENOTTY (Inappropriate ioctl for device)
[pid 670243] write(2, "\n", 1 <unfinished ...>

[pid 670245] write(11, "{\"message\":\"unused variable: `gu"..., 1656 <unfinished ...>
[pid 670243] <... write resumed>)       = 1
[pid 670247] ioctl(0, TIOCGWINSZ <unfinished ...>
[pid 670243] write(2, "   ", 3 <unfinished ...>
   [pid 670245] <... write resumed>)       = 1656
[pid 670243] <... write resumed>)       = 3
[pid 670247] <... ioctl resumed>, 0x7f9271fe67b0) = -1 ENOTTY (Inappropriate ioctl for device)
[pid 670243] write(2, "| ", 2 <unfinished ...>
| [pid 670245] write(11, "\n", 1 <unfinished ...>
[pid 670243] <... write resumed>)       = 2
[pid 670247] ioctl(2, TIOCGWINSZ <unfinished ...>
[pid 670243] write(2, "        ", 8 <unfinished ...>
        [pid 670245] <... write resumed>)       = 1
[pid 670243] <... write resumed>)       = 8
[pid 670247] <... ioctl resumed>, 0x7f9271fe67b0) = -1 ENOTTY (Inappropriate ioctl for device)
[pid 670243] write(2, "^^^^^^", 6 <unfinished ...>
^^^^^^[pid 670245] futex(0x55a5ab0c5370, FUTEX_WAKE_PRIVATE, 1 <unfinished ...>
[pid 670243] <... write resumed>)       = 6
[pid 670247] write(2, "{\"message\":\"unused variable: `gu"..., 1703 <unfinished ...>
[pid 670243] write(2, " ", 1 <unfinished ...>
 [pid 670245] <... futex resumed>)       = 0
[pid 670243] <... write resumed>)       = 1
[pid 670247] <... write resumed>)       = 1703
[pid 670243] write(2, "help: if this is intentional, pr"..., 69 <unfinished ...>
help: if this is intentional, prefix it with an underscore: `_guard1`[pid 670245] write(11, "{\"message\":\"unused variable: `gu"..., 1686 <unfinished ...>
[pid 670243] <... write resumed>)       = 69
[pid 670247] ioctl(1, TIOCGWINSZ <unfinished ...>
[pid 670243] write(2, "\n", 1 <unfinished ...>

[pid 670245] <... write resumed>)       = 1686
[pid 670243] <... write resumed>)       = 1
[pid 670247] <... ioctl resumed>, 0x7f9271fe67b0) = -1 ENOTTY (Inappropriate ioctl for device)
[pid 670243] write(2, "\n", 1 <unfinished ...>

[pid 670245] write(11, "\n", 1 <unfinished ...>
[pid 670243] <... write resumed>)       = 1
[pid 670247] ioctl(0, TIOCGWINSZ <unfinished ...>
[pid 670243] write(2, "warning", 7 <unfinished ...>
warning[pid 670245] <... write resumed>)       = 1
[pid 670243] <... write resumed>)       = 7
[pid 670247] <... ioctl resumed>, 0x7f9271fe67b0) = -1 ENOTTY (Inappropriate ioctl for device)
[pid 670243] write(2, ": unused variable: `guard2`", 27 <unfinished ...>
: unused variable: `guard2`[pid 670245] poll([{fd=12, events=POLLIN}, {fd=14, events=POLLIN}], 2, -1 <unfinished ...>
[pid 670243] <... write resumed>)       = 27
[pid 670247] ioctl(2, TIOCGWINSZ <unfinished ...>
[pid 670243] write(2, "\n", 1 <unfinished ...>

[pid 670245] <... poll resumed>)        = 1 ([{fd=14, revents=POLLIN}])
[pid 670243] <... write resumed>)       = 1
[pid 670247] <... ioctl resumed>, 0x7f9271fe67b0) = -1 ENOTTY (Inappropriate ioctl for device)
[pid 670243] write(2, "  ", 2 <unfinished ...>
  [pid 670245] read(14,  <unfinished ...>
[pid 670243] <... write resumed>)       = 2
[pid 670247] write(2, "{\"message\":\"unused variable: `gu"..., 1703 <unfinished ...>
[pid 670243] write(2, "--> ", 4 <unfinished ...>
--> [pid 670245] <... read resumed>"{\"message\":\"unused variable: `gu"..., 8192) = 5048
[pid 670243] <... write resumed>)       = 4
[pid 670247] <... write resumed>)       = 1703
[pid 670243] write(2, "src/main.rs:38:13", 17 <unfinished ...>
src/main.rs:38:13[pid 670245] read(14,  <unfinished ...>
[pid 670243] <... write resumed>)       = 17
[pid 670247] write(10, "\255\f\257\f\260\f\251\0-\32\201\331h=\342\246P\37\357\32\33\4\2026R\276\317OQv\313\261"..., 8183 <unfinished ...>
[pid 670243] write(2, "\n", 1 <unfinished ...>

[pid 670245] <... read resumed>"{\"message\":\"unused variable: `gu"..., 3144) = 1703
[pid 670243] <... write resumed>)       = 1
[pid 670247] <... write resumed>)       = 8183
[pid 670243] write(2, "   ", 3 <unfinished ...>
   [pid 670245] read(14,  <unfinished ...>
[pid 670243] <... write resumed>)       = 3
[pid 670247] ioctl(1, TIOCGWINSZ <unfinished ...>
[pid 670243] write(2, "|", 1 <unfinished ...>
|[pid 670245] <... read resumed>0x7f879000b93f, 1441) = -1 EAGAIN (Resource temporarily unavailable)
[pid 670243] <... write resumed>)       = 1
[pid 670247] <... ioctl resumed>, 0x7f9271fe67b0) = -1 ENOTTY (Inappropriate ioctl for device)
[pid 670243] write(2, "\n", 1 <unfinished ...>

[pid 670245] futex(0x55a5ab0c5370, FUTEX_WAKE_PRIVATE, 1 <unfinished ...>
[pid 670243] <... write resumed>)       = 1
[pid 670247] ioctl(0, TIOCGWINSZ <unfinished ...>
[pid 670243] write(2, "38", 2 <unfinished ...>
38[pid 670245] <... futex resumed>)       = 0
[pid 670243] <... write resumed>)       = 2
[pid 670247] <... ioctl resumed>, 0x7f9271fe67b0) = -1 ENOTTY (Inappropriate ioctl for device)
[pid 670243] write(2, " ", 1 <unfinished ...>
 [pid 670245] write(11, "{\"message\":\"unused variable: `gu"..., 1665 <unfinished ...>
[pid 670243] <... write resumed>)       = 1
[pid 670247] ioctl(2, TIOCGWINSZ <unfinished ...>
[pid 670243] write(2, "|", 1 <unfinished ...>
|[pid 670245] <... write resumed>)       = 1665
[pid 670243] <... write resumed>)       = 1
[pid 670247] <... ioctl resumed>, 0x7f9271fe67b0) = -1 ENOTTY (Inappropriate ioctl for device)
[pid 670243] write(2, " ", 1 <unfinished ...>
 [pid 670245] write(11, "\n", 1 <unfinished ...>
[pid 670243] <... write resumed>)       = 1
[pid 670247] write(2, "{\"message\":\"unused variable: `gu"..., 1637 <unfinished ...>
[pid 670243] write(2, "        let guard2 = mutex.lock("..., 34 <unfinished ...>
        let guard2 = mutex.lock();[pid 670245] <... write resumed>)       = 1
[pid 670243] <... write resumed>)       = 34
[pid 670247] <... write resumed>)       = 1637
[pid 670243] write(2, "\n", 1 <unfinished ...>

[pid 670245] futex(0x55a5ab0c5370, FUTEX_WAKE_PRIVATE, 1 <unfinished ...>
[pid 670243] <... write resumed>)       = 1
[pid 670247] ioctl(1, TIOCGWINSZ <unfinished ...>
[pid 670243] write(2, "   ", 3 <unfinished ...>
   [pid 670245] <... futex resumed>)       = 0
[pid 670243] <... write resumed>)       = 3
[pid 670247] <... ioctl resumed>, 0x7f9271fe67b0) = -1 ENOTTY (Inappropriate ioctl for device)
[pid 670243] write(2, "| ", 2 <unfinished ...>
| [pid 670245] write(11, "{\"message\":\"unused variable: `gu"..., 1678 <unfinished ...>
[pid 670243] <... write resumed>)       = 2
[pid 670247] ioctl(0, TIOCGWINSZ <unfinished ...>
[pid 670243] write(2, "            ", 12 <unfinished ...>
            [pid 670245] <... write resumed>)       = 1678
[pid 670243] <... write resumed>)       = 12
[pid 670247] <... ioctl resumed>, 0x7f9271fe67b0) = -1 ENOTTY (Inappropriate ioctl for device)
[pid 670243] write(2, "^^^^^^", 6 <unfinished ...>
^^^^^^[pid 670245] write(11, "\n", 1 <unfinished ...>
[pid 670243] <... write resumed>)       = 6
[pid 670247] ioctl(2, TIOCGWINSZ <unfinished ...>
[pid 670243] write(2, " ", 1 <unfinished ...>
 [pid 670245] <... write resumed>)       = 1
[pid 670243] <... write resumed>)       = 1
[pid 670247] <... ioctl resumed>, 0x7f9271fe67b0) = -1 ENOTTY (Inappropriate ioctl for device)
[pid 670243] write(2, "help: if this is intentional, pr"..., 69 <unfinished ...>
help: if this is intentional, prefix it with an underscore: `_guard2`[pid 670245] futex(0x55a5ab0c5370, FUTEX_WAKE_PRIVATE, 1 <unfinished ...>
[pid 670243] <... write resumed>)       = 69
[pid 670247] write(2, "{\"message\":\"unused variable: `gu"..., 1666 <unfinished ...>
[pid 670243] write(2, "\n", 1 <unfinished ...>

[pid 670245] <... futex resumed>)       = 0
[pid 670243] <... write resumed>)       = 1
[pid 670247] <... write resumed>)       = 1666
[pid 670243] write(2, "\n", 1 <unfinished ...>

[pid 670245] write(11, "{\"message\":\"unused variable: `gu"..., 1702 <unfinished ...>
[pid 670243] <... write resumed>)       = 1
[pid 670247] ioctl(1, TIOCGWINSZ <unfinished ...>
[pid 670243] write(2, "warning", 7 <unfinished ...>
warning[pid 670245] <... write resumed>)       = 1702
[pid 670243] <... write resumed>)       = 7
[pid 670247] <... ioctl resumed>, 0x7f9271fe67b0) = -1 ENOTTY (Inappropriate ioctl for device)
[pid 670243] write(2, ": unused variable: `guard1`", 27 <unfinished ...>
: unused variable: `guard1`[pid 670245] write(11, "\n", 1 <unfinished ...>
[pid 670243] <... write resumed>)       = 27
[pid 670247] ioctl(0, TIOCGWINSZ <unfinished ...>
[pid 670243] write(2, "\n", 1 <unfinished ...>

[pid 670245] <... write resumed>)       = 1
[pid 670243] <... write resumed>)       = 1
[pid 670247] <... ioctl resumed>, 0x7f9271fe67b0) = -1 ENOTTY (Inappropriate ioctl for device)
[pid 670243] write(2, "  ", 2 <unfinished ...>
  [pid 670245] futex(0x55a5ab0c5370, FUTEX_WAKE_PRIVATE, 1 <unfinished ...>
[pid 670243] <... write resumed>)       = 2
[pid 670247] ioctl(2, TIOCGWINSZ <unfinished ...>
[pid 670243] write(2, "--> ", 4 <unfinished ...>
--> [pid 670245] <... futex resumed>)       = 0
[pid 670243] <... write resumed>)       = 4
[pid 670247] <... ioctl resumed>, 0x7f9271fe67b0) = -1 ENOTTY (Inappropriate ioctl for device)
[pid 670243] write(2, "src/main.rs:47:9", 16 <unfinished ...>
src/main.rs:47:9[pid 670245] write(11, "{\"message\":\"unused variable: `gu"..., 1702 <unfinished ...>
[pid 670243] <... write resumed>)       = 16
[pid 670247] write(2, "{\"message\":\"unused variable: `gu"..., 1693 <unfinished ...>
[pid 670243] write(2, "\n", 1 <unfinished ...>
[pid 670245] <... write resumed>)       = 1702

[pid 670247] <... write resumed>)       = 1693
[pid 670243] <... write resumed>)       = 1
[pid 670245] write(11, "\n", 1 <unfinished ...>
[pid 670243] write(2, "   ", 3 <unfinished ...>
   [pid 670247] ioctl(1, TIOCGWINSZ <unfinished ...>
[pid 670243] <... write resumed>)       = 3
[pid 670245] <... write resumed>)       = 1
[pid 670243] write(2, "|", 1 <unfinished ...>
|[pid 670247] <... ioctl resumed>, 0x7f9271fe67b0) = -1 ENOTTY (Inappropriate ioctl for device)
[pid 670243] <... write resumed>)       = 1
[pid 670245] poll([{fd=12, events=POLLIN}, {fd=14, events=POLLIN}], 2, -1 <unfinished ...>
[pid 670243] write(2, "\n", 1 <unfinished ...>

[pid 670247] ioctl(0, TIOCGWINSZ <unfinished ...>
[pid 670243] <... write resumed>)       = 1
[pid 670245] <... poll resumed>)        = 1 ([{fd=14, revents=POLLIN}])
[pid 670243] write(2, "47", 2 <unfinished ...>
47[pid 670247] <... ioctl resumed>, 0x7f9271fe67b0) = -1 ENOTTY (Inappropriate ioctl for device)
[pid 670243] <... write resumed>)       = 2
[pid 670245] read(14,  <unfinished ...>
[pid 670243] write(2, " ", 1 <unfinished ...>
 [pid 670247] ioctl(2, TIOCGWINSZ <unfinished ...>
[pid 670243] <... write resumed>)       = 1
[pid 670245] <... read resumed>"{\"message\":\"unused variable: `gu"..., 8192) = 4996
[pid 670243] write(2, "|", 1 <unfinished ...>
|[pid 670247] <... ioctl resumed>, 0x7f9271fe67b0) = -1 ENOTTY (Inappropriate ioctl for device)
[pid 670243] <... write resumed>)       = 1
[pid 670245] read(14,  <unfinished ...>
[pid 670243] write(2, " ", 1 <unfinished ...>
 [pid 670247] write(2, "{\"message\":\"unused variable: `gu"..., 1693 <unfinished ...>
[pid 670243] <... write resumed>)       = 1
[pid 670245] <... read resumed>0x7f879000b264, 3196) = -1 EAGAIN (Resource temporarily unavailable)
[pid 670243] write(2, "    let guard1 = mutex.lock();", 30 <unfinished ...>
    let guard1 = mutex.lock();[pid 670247] <... write resumed>)       = 1693
[pid 670243] <... write resumed>)       = 30
[pid 670245] futex(0x55a5ab0c5370, FUTEX_WAKE_PRIVATE, 1 <unfinished ...>
[pid 670243] write(2, "\n", 1
 <unfinished ...>
[pid 670247] write(10, "H2\345\342\332\f\3658\312\211\206\221\304#\241\202\251\260!\317\f\n\278y\23\376\246\330\235\1B"..., 8189 <unfinished ...>
[pid 670245] <... futex resumed>)       = 0
[pid 670243] <... write resumed>)       = 1
[pid 670247] <... write resumed>)       = 8189
[pid 670243] write(2, "   ", 3 <unfinished ...>
   [pid 670245] write(11, "{\"message\":\"unused variable: `gu"..., 1636 <unfinished ...>
[pid 670243] <... write resumed>)       = 3
[pid 670247] write(10, "\212\n\303\1\371\r\372\r\371\1{\1\373\r\26\16\17\16)\16\31\16\234\3\304\5*\16+\16\231\n"..., 8189 <unfinished ...>
[pid 670243] write(2, "| ", 2 <unfinished ...>
| [pid 670245] <... write resumed>)       = 1636
[pid 670243] <... write resumed>)       = 2
[pid 670247] <... write resumed>)       = 8189
[pid 670243] write(2, "        ", 8 <unfinished ...>
        [pid 670245] write(11, "\n", 1 <unfinished ...>
[pid 670243] <... write resumed>)       = 8
[pid 670247] write(10, "\341\16\343\16\347\16\315\16\316\16\352\16\231\n\234\n\320\v\266\7\1\t\371L\2\21\331\37\341'\240\245"..., 8161 <unfinished ...>
[pid 670243] write(2, "^^^^^^", 6 <unfinished ...>
^^^^^^[pid 670245] <... write resumed>)       = 1
[pid 670243] <... write resumed>)       = 6
[pid 670247] <... write resumed>)       = 8161
[pid 670243] write(2, " ", 1 <unfinished ...>
 [pid 670245] futex(0x55a5ab0c5370, FUTEX_WAKE_PRIVATE, 1 <unfinished ...>
[pid 670243] <... write resumed>)       = 1
[pid 670245] <... futex resumed>)       = 0
[pid 670243] write(2, "help: if this is intentional, pr"..., 69 <unfinished ...>
help: if this is intentional, prefix it with an underscore: `_guard1`[pid 670245] write(11, "{\"message\":\"unused variable: `gu"..., 1665 <unfinished ...>
[pid 670243] <... write resumed>)       = 69
[pid 670245] <... write resumed>)       = 1665
[pid 670243] write(2, "\n", 1 <unfinished ...>

[pid 670245] write(11, "\n", 1 <unfinished ...>
[pid 670243] <... write resumed>)       = 1
[pid 670245] <... write resumed>)       = 1
[pid 670243] write(2, "\n", 1
)          = 1
[pid 670245] futex(0x55a5ab0c5370, FUTEX_WAKE_PRIVATE, 1 <unfinished ...>
[pid 670243] write(2, "warning", 7 <unfinished ...>
warning[pid 670245] <... futex resumed>)       = 0
[pid 670243] <... write resumed>)       = 7
[pid 670247] getrandom( <unfinished ...>
[pid 670243] write(2, ": unused variable: `guard2`", 27 <unfinished ...>
: unused variable: `guard2`[pid 670245] write(11, "{\"message\":\"unused variable: `gu"..., 1692 <unfinished ...>
[pid 670243] <... write resumed>)       = 27
[pid 670247] <... getrandom resumed>"\x16\x6e\x08\x83\xbe\xda\xec\x25\xa2\x63\x32\xce\x94\xe3\x9f\xb4", 16, GRND_INSECURE) = 16
[pid 670243] write(2, "\n", 1 <unfinished ...>

[pid 670245] <... write resumed>)       = 1692
[pid 670243] <... write resumed>)       = 1
[pid 670245] write(11, "\n", 1 <unfinished ...>
[pid 670243] write(2, "  ", 2   <unfinished ...>
[pid 670247] ioctl(1, TIOCGWINSZ <unfinished ...>
[pid 670245] <... write resumed>)       = 1
[pid 670243] <... write resumed>)       = 2
[pid 670247] <... ioctl resumed>, 0x7f9271fe6f80) = -1 ENOTTY (Inappropriate ioctl for device)
[pid 670243] write(2, "--> ", 4 <unfinished ...>
--> [pid 670245] poll([{fd=12, events=POLLIN}, {fd=14, events=POLLIN}], 2, -1 <unfinished ...>
[pid 670243] <... write resumed>)       = 4
[pid 670247] ioctl(0, TIOCGWINSZ <unfinished ...>
[pid 670243] write(2, "src/main.rs:52:13", 17 <unfinished ...>
src/main.rs:52:13[pid 670245] <... poll resumed>)        = 1 ([{fd=14, revents=POLLIN}])
[pid 670243] <... write resumed>)       = 17
[pid 670247] <... ioctl resumed>, 0x7f9271fe6f80) = -1 ENOTTY (Inappropriate ioctl for device)
[pid 670243] write(2, "\n", 1 <unfinished ...>

[pid 670245] read(14,  <unfinished ...>
[pid 670243] <... write resumed>)       = 1
[pid 670247] ioctl(2, TIOCGWINSZ <unfinished ...>
[pid 670243] write(2, "   ", 3 <unfinished ...>
   [pid 670245] <... read resumed>"{\"message\":\"unused variable: `gu"..., 8192) = 1693
[pid 670243] <... write resumed>)       = 3
[pid 670247] <... ioctl resumed>, 0x7f9271fe6f80) = -1 ENOTTY (Inappropriate ioctl for device)
[pid 670243] write(2, "|", 1 <unfinished ...>
|[pid 670245] read(14,  <unfinished ...>
[pid 670243] <... write resumed>)       = 1
[pid 670247] write(2, "{\"message\":\"struct `Okay1` is ne"..., 1353 <unfinished ...>
[pid 670245] <... read resumed>0x7f879000a57d, 6499) = -1 EAGAIN (Resource temporarily unavailable)
[pid 670243] write(2, "\n", 1 <unfinished ...>

[pid 670247] <... write resumed>)       = 1353
[pid 670243] <... write resumed>)       = 1
[pid 670245] futex(0x55a5ab0c5370, FUTEX_WAKE_PRIVATE, 1 <unfinished ...>
[pid 670243] write(2, "52", 2 <unfinished ...>
52[pid 670247] ioctl(1, TIOCGWINSZ <unfinished ...>
[pid 670243] <... write resumed>)       = 2
[pid 670245] <... futex resumed>)       = 0
[pid 670243] write(2, " ", 1 <unfinished ...>
 [pid 670247] <... ioctl resumed>, 0x7f9271fe6f80) = -1 ENOTTY (Inappropriate ioctl for device)
[pid 670243] <... write resumed>)       = 1
[pid 670245] write(11, "{\"message\":\"unused variable: `gu"..., 1692 <unfinished ...>
[pid 670243] write(2, "|", 1 <unfinished ...>
|[pid 670247] ioctl(0, TIOCGWINSZ <unfinished ...>
[pid 670243] <... write resumed>)       = 1
[pid 670245] <... write resumed>)       = 1692
[pid 670243] write(2, " ", 1 <unfinished ...>
 [pid 670247] <... ioctl resumed>, 0x7f9271fe6f80) = -1 ENOTTY (Inappropriate ioctl for device)
[pid 670243] <... write resumed>)       = 1
[pid 670245] write(11, "\n", 1 <unfinished ...>
[pid 670243] write(2, "        let guard2 = mutex.lock("..., 34 <unfinished ...>
        let guard2 = mutex.lock();[pid 670247] ioctl(2, TIOCGWINSZ <unfinished ...>
[pid 670243] <... write resumed>)       = 34
[pid 670245] <... write resumed>)       = 1
[pid 670243] write(2, "\n", 1 <unfinished ...>

[pid 670247] <... ioctl resumed>, 0x7f9271fe6f80) = -1 ENOTTY (Inappropriate ioctl for device)
[pid 670243] <... write resumed>)       = 1
[pid 670245] poll([{fd=12, events=POLLIN}, {fd=14, events=POLLIN}], 2, -1 <unfinished ...>
[pid 670243] write(2, "   ", 3 <unfinished ...>
   [pid 670247] write(2, "{\"message\":\"function `okay1` is "..., 1003 <unfinished ...>
[pid 670243] <... write resumed>)       = 3
[pid 670245] <... poll resumed>)        = 1 ([{fd=14, revents=POLLIN}])
[pid 670243] write(2, "| ", 2 <unfinished ...>
| [pid 670247] <... write resumed>)       = 1003
[pid 670243] <... write resumed>)       = 2
[pid 670245] read(14,  <unfinished ...>
[pid 670243] write(2, "            ", 12 <unfinished ...>
